// Jest Snapshot v1, https://goo.gl/fbAQLP

exports[`renders correctly 1`] = `
<div>
  <div
    class="flex flex-col items-center relative"
  >
    <div
      class="w-36 h-64 relative lg:w-full"
    >
      <img
        alt="Featured"
        data-nimg="fill"
        decoding="async"
        fetchpriority="high"
        sizes="(max-width: 768px) 100vw, (max-width: 1024px) 50vw, 25vw"
        src="/_next/image?url=https%3A%2F%2Fpicsum.photos%2Fseed%2Frandom101%2F400%2F500&w=3840&q=75"
        srcset="/_next/image?url=https%3A%2F%2Fpicsum.photos%2Fseed%2Frandom101%2F400%2F500&w=256&q=75 256w, /_next/image?url=https%3A%2F%2Fpicsum.photos%2Fseed%2Frandom101%2F400%2F500&w=384&q=75 384w, /_next/image?url=https%3A%2F%2Fpicsum.photos%2Fseed%2Frandom101%2F400%2F500&w=640&q=75 640w, /_next/image?url=https%3A%2F%2Fpicsum.photos%2Fseed%2Frandom101%2F400%2F500&w=750&q=75 750w, /_next/image?url=https%3A%2F%2Fpicsum.photos%2Fseed%2Frandom101%2F400%2F500&w=828&q=75 828w, /_next/image?url=https%3A%2F%2Fpicsum.photos%2Fseed%2Frandom101%2F400%2F500&w=1080&q=75 1080w, /_next/image?url=https%3A%2F%2Fpicsum.photos%2Fseed%2Frandom101%2F400%2F500&w=1200&q=75 1200w, /_next/image?url=https%3A%2F%2Fpicsum.photos%2Fseed%2Frandom101%2F400%2F500&w=1920&q=75 1920w, /_next/image?url=https%3A%2F%2Fpicsum.photos%2Fseed%2Frandom101%2F400%2F500&w=2048&q=75 2048w, /_next/image?url=https%3A%2F%2Fpicsum.photos%2Fseed%2Frandom101%2F400%2F500&w=3840&q=75 3840w"
        style="position: absolute; height: 100%; width: 100%; left: 0px; top: 0px; right: 0px; bottom: 0px; object-fit: cover; color: transparent;"
      />
    </div>
    <div
      class="flex relative z-50 justify-center space-x-1 mt-2"
    >
      <div
        class="block h-2 w-2 rounded-full bg-red-600"
      />
      <div
        class="block h-2 w-2 rounded-full bg-gray-300"
      />
      <div
        class="block h-2 w-2 rounded-full bg-gray-300"
      />
    </div>
    <div
      class="mt-2 mb-2 border-b-2 w-full"
    >
      <span
        class="text-xs font-bold uppercase"
      >
        Featured Post
      </span>
    </div>
  </div>
</div>
`;
